Archive member included to satisfy reference by file (symbol)

c:/program files (x86)/atmel/studio/7.0/toolchain/avr8/avr8-gnu-toolchain/bin/../lib/gcc/avr/5.4.0/../../../../avr/lib/avrxmega2\libm.a(addsf3.o)
                              src/Drivers/timercounter.o (__subsf3)
c:/program files (x86)/atmel/studio/7.0/toolchain/avr8/avr8-gnu-toolchain/bin/../lib/gcc/avr/5.4.0/../../../../avr/lib/avrxmega2\libm.a(addsf3x.o)
                              c:/program files (x86)/atmel/studio/7.0/toolchain/avr8/avr8-gnu-toolchain/bin/../lib/gcc/avr/5.4.0/../../../../avr/lib/avrxmega2\libm.a(addsf3.o) (__addsf3x)
c:/program files (x86)/atmel/studio/7.0/toolchain/avr8/avr8-gnu-toolchain/bin/../lib/gcc/avr/5.4.0/../../../../avr/lib/avrxmega2\libm.a(divsf3.o)
                              src/Drivers/timercounter.o (__divsf3)
c:/program files (x86)/atmel/studio/7.0/toolchain/avr8/avr8-gnu-toolchain/bin/../lib/gcc/avr/5.4.0/../../../../avr/lib/avrxmega2\libm.a(divsf3x.o)
                              c:/program files (x86)/atmel/studio/7.0/toolchain/avr8/avr8-gnu-toolchain/bin/../lib/gcc/avr/5.4.0/../../../../avr/lib/avrxmega2\libm.a(divsf3.o) (__divsf3x)
c:/program files (x86)/atmel/studio/7.0/toolchain/avr8/avr8-gnu-toolchain/bin/../lib/gcc/avr/5.4.0/../../../../avr/lib/avrxmega2\libm.a(fixunssfsi.o)
                              src/Drivers/timercounter.o (__fixunssfsi)
c:/program files (x86)/atmel/studio/7.0/toolchain/avr8/avr8-gnu-toolchain/bin/../lib/gcc/avr/5.4.0/../../../../avr/lib/avrxmega2\libm.a(floatsisf.o)
                              src/Drivers/timercounter.o (__floatunsisf)
c:/program files (x86)/atmel/studio/7.0/toolchain/avr8/avr8-gnu-toolchain/bin/../lib/gcc/avr/5.4.0/../../../../avr/lib/avrxmega2\libm.a(fp_inf.o)
                              c:/program files (x86)/atmel/studio/7.0/toolchain/avr8/avr8-gnu-toolchain/bin/../lib/gcc/avr/5.4.0/../../../../avr/lib/avrxmega2\libm.a(addsf3x.o) (__fp_inf)
c:/program files (x86)/atmel/studio/7.0/toolchain/avr8/avr8-gnu-toolchain/bin/../lib/gcc/avr/5.4.0/../../../../avr/lib/avrxmega2\libm.a(fp_nan.o)
                              c:/program files (x86)/atmel/studio/7.0/toolchain/avr8/avr8-gnu-toolchain/bin/../lib/gcc/avr/5.4.0/../../../../avr/lib/avrxmega2\libm.a(addsf3x.o) (__fp_nan)
c:/program files (x86)/atmel/studio/7.0/toolchain/avr8/avr8-gnu-toolchain/bin/../lib/gcc/avr/5.4.0/../../../../avr/lib/avrxmega2\libm.a(fp_pscA.o)
                              c:/program files (x86)/atmel/studio/7.0/toolchain/avr8/avr8-gnu-toolchain/bin/../lib/gcc/avr/5.4.0/../../../../avr/lib/avrxmega2\libm.a(addsf3x.o) (__fp_pscA)
c:/program files (x86)/atmel/studio/7.0/toolchain/avr8/avr8-gnu-toolchain/bin/../lib/gcc/avr/5.4.0/../../../../avr/lib/avrxmega2\libm.a(fp_pscB.o)
                              c:/program files (x86)/atmel/studio/7.0/toolchain/avr8/avr8-gnu-toolchain/bin/../lib/gcc/avr/5.4.0/../../../../avr/lib/avrxmega2\libm.a(addsf3x.o) (__fp_pscB)
c:/program files (x86)/atmel/studio/7.0/toolchain/avr8/avr8-gnu-toolchain/bin/../lib/gcc/avr/5.4.0/../../../../avr/lib/avrxmega2\libm.a(fp_round.o)
                              c:/program files (x86)/atmel/studio/7.0/toolchain/avr8/avr8-gnu-toolchain/bin/../lib/gcc/avr/5.4.0/../../../../avr/lib/avrxmega2\libm.a(addsf3.o) (__fp_round)
c:/program files (x86)/atmel/studio/7.0/toolchain/avr8/avr8-gnu-toolchain/bin/../lib/gcc/avr/5.4.0/../../../../avr/lib/avrxmega2\libm.a(fp_split3.o)
                              c:/program files (x86)/atmel/studio/7.0/toolchain/avr8/avr8-gnu-toolchain/bin/../lib/gcc/avr/5.4.0/../../../../avr/lib/avrxmega2\libm.a(addsf3x.o) (__fp_split3)
c:/program files (x86)/atmel/studio/7.0/toolchain/avr8/avr8-gnu-toolchain/bin/../lib/gcc/avr/5.4.0/../../../../avr/lib/avrxmega2\libm.a(fp_zero.o)
                              c:/program files (x86)/atmel/studio/7.0/toolchain/avr8/avr8-gnu-toolchain/bin/../lib/gcc/avr/5.4.0/../../../../avr/lib/avrxmega2\libm.a(addsf3x.o) (__fp_zero)
c:/program files (x86)/atmel/studio/7.0/toolchain/avr8/avr8-gnu-toolchain/bin/../lib/gcc/avr/5.4.0/../../../../avr/lib/avrxmega2\libm.a(mulsf3.o)
                              src/Drivers/timercounter.o (__mulsf3)
c:/program files (x86)/atmel/studio/7.0/toolchain/avr8/avr8-gnu-toolchain/bin/../lib/gcc/avr/5.4.0/../../../../avr/lib/avrxmega2\libm.a(mulsf3x.o)
                              c:/program files (x86)/atmel/studio/7.0/toolchain/avr8/avr8-gnu-toolchain/bin/../lib/gcc/avr/5.4.0/../../../../avr/lib/avrxmega2\libm.a(mulsf3.o) (__mulsf3x)
c:/program files (x86)/atmel/studio/7.0/toolchain/avr8/avr8-gnu-toolchain/bin/../lib/gcc/avr/5.4.0/avrxmega2\libgcc.a(_udivmodhi4.o)
                              src/Tools/RingBuffer.o (__udivmodhi4)
c:/program files (x86)/atmel/studio/7.0/toolchain/avr8/avr8-gnu-toolchain/bin/../lib/gcc/avr/5.4.0/avrxmega2\libgcc.a(_udivmodsi4.o)
                              src/ASF/xmega/drivers/usart/usart.o (__udivmodsi4)
[...]
Memory Configuration

Name             Origin             Length             Attributes
text             0x00000000         0x00100000         xr
data             0x00802000         0x0000ffa0         rw !x
eeprom           0x00810000         0x00010000         rw !x
fuse             0x00820000         0x00000006         rw !x
lock             0x00830000         0x00000400         rw !x
signature        0x00840000         0x00000400         rw !x
user_signatures  0x00850000         0x00000400         rw !x
*default*        0x00000000         0xffffffff

Linker script and memory map

LOAD C:/Program Files (x86)/Atmel/Studio/7.0/Packs/atmel/XMEGAA_DFP/1.1.68/gcc/dev/atxmega32a4u/avrxmega2/crtatxmega32a4u.o
LOAD src/ASF/common/services/sleepmgr/xmega/sleepmgr.o
LOAD src/ASF/common/utils/stdio/read.o
LOAD src/ASF/xmega/drivers/adc/adc.o
LOAD src/ASF/xmega/drivers/adc/xmega_aau/adc_aau.o
LOAD src/ASF/xmega/drivers/usart/usart.o
LOAD src/Drivers/timercounter.o
LOAD src/Drivers/uart_tools.o
LOAD src/Tools/RingBuffer.o
LOAD src/ASF/common/utils/stdio/write.o
LOAD src/ASF/common/services/serial/usart_serial.o
LOAD src/ASF/common/services/ioport/xmega/ioport_compat.o
LOAD src/ASF/common/services/clock/xmega/sysclk.o
LOAD src/ASF/xmega/drivers/nvm/nvm.o
LOAD src/ASF/xmega/drivers/nvm/nvm_asm.o
LOAD src/ASF/xmega/drivers/cpu/ccp.o
LOAD src/ASF/common/boards/user_board/init.o
LOAD src/main.o
START GROUP
LOAD c:/program files (x86)/atmel/studio/7.0/toolchain/avr8/avr8-gnu-toolchain/bin/../lib/gcc/avr/5.4.0/../../../../avr/lib/avrxmega2\libm.a
END GROUP
START GROUP
LOAD c:/program files (x86)/atmel/studio/7.0/toolchain/avr8/avr8-gnu-toolchain/bin/../lib/gcc/avr/5.4.0/avrxmega2\libgcc.a
LOAD c:/program files (x86)/atmel/studio/7.0/toolchain/avr8/avr8-gnu-toolchain/bin/../lib/gcc/avr/5.4.0/../../../../avr/lib/avrxmega2\libm.a
LOAD c:/program files (x86)/atmel/studio/7.0/toolchain/avr8/avr8-gnu-toolchain/bin/../lib/gcc/avr/5.4.0/../../../../avr/lib/avrxmega2\libc.a
LOAD C:/Program Files (x86)/Atmel/Studio/7.0/Packs/atmel/XMEGAA_DFP/1.1.68/gcc/dev/atxmega32a4u/avrxmega2\libatxmega32a4u.a
END GROUP
                0x00100000                __TEXT_REGION_LENGTH__ = DEFINED (__TEXT_REGION_LENGTH__)?__TEXT_REGION_LENGTH__:0x100000
                0x0000ffa0                __DATA_REGION_LENGTH__ = DEFINED (__DATA_REGION_LENGTH__)?__DATA_REGION_LENGTH__:0xffa0
                0x00010000                __EEPROM_REGION_LENGTH__ = DEFINED (__EEPROM_REGION_LENGTH__)?__EEPROM_REGION_LENGTH__:0x10000
                [0x00000006]                __FUSE_REGION_LENGTH__ = DEFINED (__FUSE_REGION_LENGTH__)?__FUSE_REGION_LENGTH__:0x400
                0x00000400                __LOCK_REGION_LENGTH__ = DEFINED (__LOCK_REGION_LENGTH__)?__LOCK_REGION_LENGTH__:0x400
                0x00000400                __SIGNATURE_REGION_LENGTH__ = DEFINED (__SIGNATURE_REGION_LENGTH__)?__SIGNATURE_REGION_LENGTH__:0x400
                0x00000400                __USER_SIGNATURE_REGION_LENGTH__ = DEFINED (__USER_SIGNATURE_REGION_LENGTH__)?__USER_SIGNATURE_REGION_LENGTH__:0x400

.hash
 *(.hash)

.dynsym
 *(.dynsym)

.dynstr
 *(.dynstr)

.gnu.version
 *(.gnu.version)

.gnu.version_d
 *(.gnu.version_d)

.gnu.version_r
 *(.gnu.version_r)

.rel.init
 *(.rel.init)

.rela.init
 *(.rela.init)

.rel.text
 *(.rel.text)
 *(.rel.text.*)
 *(.rel.gnu.linkonce.t*)

.rela.text
 *(.rela.text)
 *(.rela.text.*)
 *(.rela.gnu.linkonce.t*)

.rel.fini
 *(.rel.fini)

.rela.fini
 *(.rela.fini)

.rel.rodata
 *(.rel.rodata)
 *(.rel.rodata.*)
 *(.rel.gnu.linkonce.r*)

.rela.rodata
 *(.rela.rodata)
 *(.rela.rodata.*)
 *(.rela.gnu.linkonce.r*)

.rel.data
 *(.rel.data)
 *(.rel.data.*)
 *(.rel.gnu.linkonce.d*)

.rela.data
 *(.rela.data)
 *(.rela.data.*)
 *(.rela.gnu.linkonce.d*)

.rel.ctors
 *(.rel.ctors)

.rela.ctors
 *(.rela.ctors)

.rel.dtors
 *(.rel.dtors)

.rela.dtors
 *(.rela.dtors)

.rel.got
 *(.rel.got)

.rela.got
 *(.rela.got)

.rel.bss
 *(.rel.bss)

.rela.bss
 *(.rela.bss)

.rel.plt
 *(.rel.plt)

.rela.plt
 *(.rela.plt)

.text           0x00000000     0x21e0
 *(.vectors)
 .vectors       0x00000000      0x1fc C:/Program Files (x86)/Atmel/Studio/7.0/Packs/atmel/XMEGAA_DFP/1.1.68/gcc/dev/atxmega32a4u/avrxmega2/crtatxmega32a4u.o
                0x00000000                __vector_default
                0x00000000                __vectors
 *(.vectors)
 *(.progmem.gcc*)
                0x000001fc                . = ALIGN (0x2)
                0x000001fc                __trampolines_start = .
 *(.trampolines)
 .trampolines   0x000001fc        0x0 linker stubs
 *(.trampolines*)
                0x000001fc                __trampolines_end = .
 *libprintf_flt.a:*(.progmem.data)
 *libc.a:*(.progmem.data)
 *(.progmem*)
                0x000001fc                . = ALIGN (0x2)
 *(.jumptables)
 *(.jumptables*)
 *(.lowtext)
 *(.lowtext*)
                0x000001fc                __ctors_start = .
 *(.ctors)
                0x000001fc                __ctors_end = .
                0x000001fc                __dtors_start = .
 *(.dtors)
                0x000001fc                __dtors_end = .
 SORT(*)(.ctors)
 SORT(*)(.dtors)
 *(.init0)
 .init0         0x000001fc        0x0 C:/Program Files (x86)/Atmel/Studio/7.0/Packs/atmel/XMEGAA_DFP/1.1.68/gcc/dev/atxmega32a4u/avrxmega2/crtatxmega32a4u.o
                0x000001fc                __init
 *(.init0)
 *(.init1)
 *(.init1)
 *(.init2)
 .init2         0x000001fc        0xc C:/Program Files (x86)/Atmel/Studio/7.0/Packs/atmel/XMEGAA_DFP/1.1.68/gcc/dev/atxmega32a4u/avrxmega2/crtatxmega32a4u.o
 *(.init2)
 *(.init3)
 *(.init3)
 *(.init4)
 .init4         0x00000208       0x16 c:/program files (x86)/atmel/studio/7.0/toolchain/avr8/avr8-gnu-toolchain/bin/../lib/gcc/avr/5.4.0/avrxmega2\libgcc.a(_copy_data.o)
                0x00000208                __do_copy_data
 .init4         0x0000021e       0x10 c:/program files (x86)/atmel/studio/7.0/toolchain/avr8/avr8-gnu-toolchain/bin/../lib/gcc/avr/5.4.0/avrxmega2\libgcc.a(_clear_bss.o)
                0x0000021e                __do_clear_bss
 *(.init4)
 *(.init5)
 *(.init5)
 *(.init6)
 *(.init6)
 *(.init7)
 *(.init7)
 *(.init8)
 *(.init8)
 *(.init9)
 .init9         0x0000022e        0x8 C:/Program Files (x86)/Atmel/Studio/7.0/Packs/atmel/XMEGAA_DFP/1.1.68/gcc/dev/atxmega32a4u/avrxmega2/crtatxmega32a4u.o
 *(.init9)
 *(.text)
 .text          0x00000236        0x2 C:/Program Files (x86)/Atmel/Studio/7.0/Packs/atmel/XMEGAA_DFP/1.1.68/gcc/dev/atxmega32a4u/avrxmega2/crtatxmega32a4u.o
                0x00000236                __vector_38
                0x00000236                __vector_104
                0x00000236                __vector_22
                0x00000236                __vector_63
                0x00000236                __vector_28
                0x00000236                __vector_67
                0x00000236                __vector_1
                0x00000236                __vector_119
                0x00000236                __vector_32
                0x00000236                __vector_75
                0x00000236                __vector_91
                0x00000236                __vector_34
                0x00000236                __vector_62
                0x00000236                __vector_77
                0x00000236                __vector_102
                0x00000236                __vector_24
                0x00000236                __vector_12
                0x00000236                __vector_55
                0x00000236                __vector_69
                0x00000236                __vector_81
                0x00000236                __vector_90
                0x00000236                __vector_46
                0x00000236                __bad_interrupt
                0x00000236                __vector_122
                0x00000236                __vector_114
                0x00000236                __vector_6
                0x00000236                __vector_110
                0x00000236                __vector_31
                0x00000236                __vector_92
                0x00000236                __vector_35
                0x00000236                __vector_78
                0x00000236                __vector_117
                0x00000236                __vector_39
                0x00000236                __vector_107
                0x00000236                __vector_3
                0x00000236                __vector_105
                0x00000236                __vector_98
                0x00000236                __vector_23
                0x00000236                __vector_68
                0x00000236                __vector_30
                0x00000236                __vector_45
                0x00000236                __vector_93
                0x00000236                __vector_61
                0x00000236                __vector_11
                0x00000236                __vector_54
                0x00000236                __vector_99
                0x00000236                __vector_13
                0x00000236                __vector_17
                0x00000236                __vector_19
                0x00000236                __vector_56
                0x00000236                __vector_7
                0x00000236                __vector_125
                0x00000236                __vector_49
                0x00000236                __vector_123
                0x00000236                __vector_41
                0x00000236                __vector_86
                0x00000236                __vector_100
                0x00000236                __vector_101
                0x00000236                __vector_64
                0x00000236                __vector_88
                0x00000236                __vector_109
                0x00000236                __vector_43
                0x00000236                __vector_27
                0x00000236                __vector_5
                0x00000236                __vector_113
                0x00000236                __vector_33
                0x00000236                __vector_76
                0x00000236                __vector_115
                0x00000236                __vector_52
                0x00000236                __vector_37
                0x00000236                __vector_95
                0x00000236                __vector_103
                0x00000236                __vector_96
                0x00000236                __vector_89
                0x00000236                __vector_108
                0x00000236                __vector_4
                0x00000236                __vector_44
                0x00000236                __vector_82
                0x00000236                __vector_106
                0x00000236                __vector_118
                0x00000236                __vector_51
                0x00000236                __vector_9
                0x00000236                __vector_2
                0x00000236                __vector_21
                0x00000236                __vector_15
                0x00000236                __vector_66
                0x00000236                __vector_36
                0x00000236                __vector_79
                0x00000236                __vector_58
                0x00000236                __vector_70
                0x00000236                __vector_83
                0x00000236                __vector_29
                0x00000236                __vector_60
                0x00000236                __vector_121
                0x00000236                __vector_40
                0x00000236                __vector_85
                0x00000236                __vector_94
                0x00000236                __vector_126
                0x00000236                __vector_8
                0x00000236                __vector_26
                0x00000236                __vector_48
                0x00000236                __vector_124
                0x00000236                __vector_116
                0x00000236                __vector_112
                0x00000236                __vector_111
                0x00000236                __vector_80
                0x00000236                __vector_14
                0x00000236                __vector_84
                0x00000236                __vector_57
                0x00000236                __vector_53
                0x00000236                __vector_10
                0x00000236                __vector_50
                0x00000236                __vector_16
                0x00000236                __vector_59
                0x00000236                __vector_18
                0x00000236                __vector_97
                0x00000236                __vector_20
                0x00000236                __vector_42
                0x00000236                __vector_87
                0x00000236                __vector_65
                0x00000236                __vector_120
                0x00000238                . = ALIGN (0x2)
 *(.text.*)
 .text._read    0x00000238       0x32 src/ASF/common/utils/stdio/read.o
                0x00000238                _read
 .text.__vector_71
                0x0000026a       0x5c src/ASF/xmega/drivers/adc/xmega_aau/adc_aau.o
                0x0000026a                __vector_71
 .text.__vector_72
                0x000002c6       0x5c src/ASF/xmega/drivers/adc/xmega_aau/adc_aau.o
                0x000002c6                __vector_72
 .text.__vector_73
                0x00000322       0x5c src/ASF/xmega/drivers/adc/xmega_aau/adc_aau.o
                0x00000322                __vector_73
 .text.__vector_74
                0x0000037e       0x5c src/ASF/xmega/drivers/adc/xmega_aau/adc_aau.o
                0x0000037e                __vector_74
 .text.usart_putchar
                0x000003da       0x10 src/ASF/xmega/drivers/usart/usart.o
                0x000003da                usart_putchar
 .text.usart_getchar
                0x000003ea        0xc src/ASF/xmega/drivers/usart/usart.o
                0x000003ea                usart_getchar
 .text.usart_set_baudrate
                0x000003f6      0x226 src/ASF/xmega/drivers/usart/usart.o
                0x000003f6                usart_set_baudrate
 .text.usart_init_rs232
                0x0000061c      0x1d2 src/ASF/xmega/drivers/usart/usart.o
                0x0000061c                usart_init_rs232
 .text.TC0_setup
                0x000007ee      0x1b0 src/Drivers/timercounter.o
                0x000007ee                TC0_setup
 .text.TC_config
                0x0000099e       0x82 src/Drivers/timercounter.o
                0x0000099e                TC_config
 .text.usart_serial_getchar
                0x00000a20       0x10 src/Drivers/uart_tools.o
 .text.usart_serial_putchar
                0x00000a30        0x4 src/Drivers/uart_tools.o
 .text.UART_computer_init
                0x00000a34      0x34c src/Drivers/uart_tools.o
                0x00000a34                UART_computer_init
 .text.rbu8_write
                0x00000d80       0x72 src/Tools/RingBuffer.o
                0x00000d80                rbu8_write
 .text.rbu8_length
                0x00000df2       0x24 src/Tools/RingBuffer.o
                0x00000df2                rbu8_length
 .text.rbu8_read
                0x00000e16       0xa0 src/Tools/RingBuffer.o
                0x00000e16                rbu8_read
 .text.rbu8_delete_oldest
                0x00000eb6       0x52 src/Tools/RingBuffer.o
                0x00000eb6                rbu8_delete_oldest
 .text._write   0x00000f08       0x24 src/ASF/common/utils/stdio/write.o
                0x00000f08                _write
 .text.ioport_configure_port_pin
                0x00000f2c       0x4e src/ASF/common/services/ioport/xmega/ioport_compat.o
                0x00000f2c                ioport_configure_port_pin
 .text.sysclk_init
                0x00000f7a       0x68 src/ASF/common/services/clock/xmega/sysclk.o
                0x00000f7a                sysclk_init
 .text.sysclk_enable_module
                0x00000fe2       0x2c src/ASF/common/services/clock/xmega/sysclk.o
                0x00000fe2                sysclk_enable_module
 .text.ccp_write_io
                0x0000100e        0xc src/ASF/xmega/drivers/cpu/ccp.o
                0x0000100e                ccp_write_io
 .text.__portable_avr_delay_cycles
                0x0000101a       0x16 src/main.o
 .text.__vector_47
                0x00001030       0x3c src/main.o
                0x00001030                __vector_47
 .text.__vector_25
                0x0000106c       0x6a src/main.o
                0x0000106c                __vector_25
 .text.config_LEDs_and_buzzer
                0x000010d6       0x46 src/main.o
                0x000010d6                config_LEDs_and_buzzer
 .text.pin_setup
                0x0000111c       0xa2 src/main.o
                0x0000111c                pin_setup
 .text.getnextcmd
                0x000011be      0x156 src/main.o
                0x000011be                getnextcmd
 .text.firing_autosequence
                0x00001314       0xa2 src/main.o
                0x00001314                firing_autosequence
 .text.main     0x000013b6       0xf4 src/main.o
                0x000013b6                main
 .text.avr-libc.fplib
                0x000014aa        0xa c:/program files (x86)/atmel/studio/7.0/toolchain/avr8/avr8-gnu-toolchain/bin/../lib/gcc/avr/5.4.0/../../../../avr/lib/avrxmega2\libm.a(addsf3.o)
                0x000014aa                __subsf3
                0x000014ac                __addsf3
 .text.avr-libc.fplib
                0x000014b4       0xc0 c:/program files (x86)/atmel/studio/7.0/toolchain/avr8/avr8-gnu-toolchain/bin/../lib/gcc/avr/5.4.0/../../../../avr/lib/avrxmega2\libm.a(addsf3x.o)
                0x000014ce                __addsf3x
 .text.avr-libc.fplib
                0x00001574        0x4 c:/program files (x86)/atmel/studio/7.0/toolchain/avr8/avr8-gnu-toolchain/bin/../lib/gcc/avr/5.4.0/../../../../avr/lib/avrxmega2\libm.a(divsf3.o)
                0x00001574                __divsf3
 .text.avr-libc.fplib
                0x00001578       0xcc c:/program files (x86)/atmel/studio/7.0/toolchain/avr8/avr8-gnu-toolchain/bin/../lib/gcc/avr/5.4.0/../../../../avr/lib/avrxmega2\libm.a(divsf3x.o)
                0x0000158e                __divsf3x
                0x00001592                __divsf3_pse
 .text.avr-libc.fplib
                0x00001644       0x58 c:/program files (x86)/atmel/studio/7.0/toolchain/avr8/avr8-gnu-toolchain/bin/../lib/gcc/avr/5.4.0/../../../../avr/lib/avrxmega2\libm.a(fixunssfsi.o)
                0x00001644                __fixunssfsi
 .text.avr-libc.fplib
                0x0000169c       0x7a c:/program files (x86)/atmel/studio/7.0/toolchain/avr8/avr8-gnu-toolchain/bin/../lib/gcc/avr/5.4.0/../../../../avr/lib/avrxmega2\libm.a(floatsisf.o)
                0x0000169c                __floatunsisf
                0x000016a0                __floatsisf
 .text.avr-libc.fplib
                0x00001716        0xc c:/program files (x86)/atmel/studio/7.0/toolchain/avr8/avr8-gnu-toolchain/bin/../lib/gcc/avr/5.4.0/../../../../avr/lib/avrxmega2\libm.a(fp_inf.o)
                0x00001716                __fp_inf
 .text.avr-libc.fplib
                0x00001722        0x6 c:/program files (x86)/atmel/studio/7.0/toolchain/avr8/avr8-gnu-toolchain/bin/../lib/gcc/avr/5.4.0/../../../../avr/lib/avrxmega2\libm.a(fp_nan.o)
                0x00001722                __fp_nan
 .text.avr-libc.fplib
                0x00001728        0xe c:/program files (x86)/atmel/studio/7.0/toolchain/avr8/avr8-gnu-toolchain/bin/../lib/gcc/avr/5.4.0/../../../../avr/lib/avrxmega2\libm.a(fp_pscA.o)
                0x00001728                __fp_pscA
 .text.avr-libc.fplib
                0x00001736        0xe c:/program files (x86)/atmel/studio/7.0/toolchain/avr8/avr8-gnu-toolchain/bin/../lib/gcc/avr/5.4.0/../../../../avr/lib/avrxmega2\libm.a(fp_pscB.o)
                0x00001736                __fp_pscB
 .text.avr-libc.fplib
                0x00001744       0x22 c:/program files (x86)/atmel/studio/7.0/toolchain/avr8/avr8-gnu-toolchain/bin/../lib/gcc/avr/5.4.0/../../../../avr/lib/avrxmega2\libm.a(fp_round.o)
                0x00001744                __fp_round
 .text.avr-libc.fplib
                0x00001766       0x44 c:/program files (x86)/atmel/studio/7.0/toolchain/avr8/avr8-gnu-toolchain/bin/../lib/gcc/avr/5.4.0/../../../../avr/lib/avrxmega2\libm.a(fp_split3.o)
                0x00001766                __fp_split3
                0x00001776                __fp_splitA
 .text.avr-libc.fplib
                0x000017aa        0xe c:/program files (x86)/atmel/studio/7.0/toolchain/avr8/avr8-gnu-toolchain/bin/../lib/gcc/avr/5.4.0/../../../../avr/lib/avrxmega2\libm.a(fp_zero.o)
                0x000017aa                __fp_zero
                0x000017ac                __fp_szero
 .text.avr-libc.fplib
                0x000017b8        0x4 c:/program files (x86)/atmel/studio/7.0/toolchain/avr8/avr8-gnu-toolchain/bin/../lib/gcc/avr/5.4.0/../../../../avr/lib/avrxmega2\libm.a(mulsf3.o)
                0x000017b8                __mulsf3
 .text.avr-libc.fplib
                0x000017bc       0xc2 c:/program files (x86)/atmel/studio/7.0/toolchain/avr8/avr8-gnu-toolchain/bin/../lib/gcc/avr/5.4.0/../../../../avr/lib/avrxmega2\libm.a(mulsf3x.o)
                0x000017d0                __mulsf3x
                0x000017d4                __mulsf3_pse
 .text.libgcc.div
                0x0000187e       0x28 c:/program files (x86)/atmel/studio/7.0/toolchain/avr8/avr8-gnu-toolchain/bin/../lib/gcc/avr/5.4.0/avrxmega2\libgcc.a(_udivmodhi4.o)
                0x0000187e                __udivmodhi4
 .text.libgcc.div
                0x000018a6       0x44 c:/program files (x86)/atmel/studio/7.0/toolchain/avr8/avr8-gnu-toolchain/bin/../lib/gcc/avr/5.4.0/avrxmega2\libgcc.a(_udivmodsi4.o)
                0x000018a6                __udivmodsi4
 .text.avr-libc
                0x000018ea       0x1a c:/program files (x86)/atmel/studio/7.0/toolchain/avr8/avr8-gnu-toolchain/bin/../lib/gcc/avr/5.4.0/../../../../avr/lib/avrxmega2\libc.a(memcmp.o)
                0x000018ea                memcmp
 .text.avr-libc
                0x00001904       0x34 c:/program files (x86)/atmel/studio/7.0/toolchain/avr8/avr8-gnu-toolchain/bin/../lib/gcc/avr/5.4.0/../../../../avr/lib/avrxmega2\libc.a(strstr.o)
                0x00001904                strstr
 .text.avr-libc
                0x00001938       0x94 c:/program files (x86)/atmel/studio/7.0/toolchain/avr8/avr8-gnu-toolchain/bin/../lib/gcc/avr/5.4.0/../../../../avr/lib/avrxmega2\libc.a(fdevopen.o)
                0x00001938                fdevopen
 .text.avr-libc
                0x000019cc       0x26 c:/program files (x86)/atmel/studio/7.0/toolchain/avr8/avr8-gnu-toolchain/bin/../lib/gcc/avr/5.4.0/../../../../avr/lib/avrxmega2\libc.a(printf.o)
                0x000019cc                printf
 .text.avr-libc
                0x000019f2      0x3a4 c:/program files (x86)/atmel/studio/7.0/toolchain/avr8/avr8-gnu-toolchain/bin/../lib/gcc/avr/5.4.0/../../../../avr/lib/avrxmega2\libc.a(vfprintf_std.o)
                0x000019f2                vfprintf
 .text.avr-libc
                0x00001d96       0x34 c:/program files (x86)/atmel/studio/7.0/toolchain/avr8/avr8-gnu-toolchain/bin/../lib/gcc/avr/5.4.0/../../../../avr/lib/avrxmega2\libc.a(calloc.o)
                0x00001d96                calloc
 .text.avr-libc
                0x00001dca      0x242 c:/program files (x86)/atmel/studio/7.0/toolchain/avr8/avr8-gnu-toolchain/bin/../lib/gcc/avr/5.4.0/../../../../avr/lib/avrxmega2\libc.a(malloc.o)
                0x00001dca                malloc
                0x00001efa                free
 .text.avr-libc
                0x0000200c       0x16 c:/program files (x86)/atmel/studio/7.0/toolchain/avr8/avr8-gnu-toolchain/bin/../lib/gcc/avr/5.4.0/../../../../avr/lib/avrxmega2\libc.a(strnlen_P.o)
                0x0000200c                strnlen_P
 .text.avr-libc
                0x00002022        0xe c:/program files (x86)/atmel/studio/7.0/toolchain/avr8/avr8-gnu-toolchain/bin/../lib/gcc/avr/5.4.0/../../../../avr/lib/avrxmega2\libc.a(memset.o)
                0x00002022                memset
 .text.avr-libc
                0x00002030       0x16 c:/program files (x86)/atmel/studio/7.0/toolchain/avr8/avr8-gnu-toolchain/bin/../lib/gcc/avr/5.4.0/../../../../avr/lib/avrxmega2\libc.a(strnlen.o)
                0x00002030                strnlen
 .text.avr-libc
                0x00002046       0x78 c:/program files (x86)/atmel/studio/7.0/toolchain/avr8/avr8-gnu-toolchain/bin/../lib/gcc/avr/5.4.0/../../../../avr/lib/avrxmega2\libc.a(fputc.o)
                0x00002046                fputc
 .text.avr-libc
                0x000020be       0xbc c:/program files (x86)/atmel/studio/7.0/toolchain/avr8/avr8-gnu-toolchain/bin/../lib/gcc/avr/5.4.0/../../../../avr/lib/avrxmega2\libc.a(ultoa_invert.o)
                0x000020be                __ultoa_invert
 .text.libgcc.prologue
                0x0000217a       0x32 c:/program files (x86)/atmel/studio/7.0/toolchain/avr8/avr8-gnu-toolchain/bin/../lib/gcc/avr/5.4.0/avrxmega2\libgcc.a(_prologue.o)
                0x0000217a                __prologue_saves__
 .text.libgcc.prologue
                0x000021ac       0x30 c:/program files (x86)/atmel/studio/7.0/toolchain/avr8/avr8-gnu-toolchain/bin/../lib/gcc/avr/5.4.0/avrxmega2\libgcc.a(_epilogue.o)
                0x000021ac                __epilogue_restores__
                0x000021dc                . = ALIGN (0x2)
 *(.fini9)
 .fini9         0x000021dc        0x0 c:/program files (x86)/atmel/studio/7.0/toolchain/avr8/avr8-gnu-toolchain/bin/../lib/gcc/avr/5.4.0/avrxmega2\libgcc.a(_exit.o)
                0x000021dc                _exit
                0x000021dc                exit
 *(.fini9)
 *(.fini8)
 *(.fini8)
 *(.fini7)
 *(.fini7)
 *(.fini6)
 *(.fini6)
 *(.fini5)
 *(.fini5)
 *(.fini4)
 *(.fini4)
 *(.fini3)
 *(.fini3)
 *(.fini2)
 *(.fini2)
 *(.fini1)
 *(.fini1)
 *(.fini0)
 .fini0         0x000021dc        0x4 c:/program files (x86)/atmel/studio/7.0/toolchain/avr8/avr8-gnu-toolchain/bin/../lib/gcc/avr/5.4.0/avrxmega2\libgcc.a(_exit.o)
 *(.fini0)
                0x000021e0                _etext = .

.data           0x00802000       0xf6 load address 0x000021e0
                0x00802000                PROVIDE (__data_start, .)
 *(.data)
 .data          0x00802000        0x6 c:/program files (x86)/atmel/studio/7.0/toolchain/avr8/avr8-gnu-toolchain/bin/../lib/gcc/avr/5.4.0/../../../../avr/lib/avrxmega2\libc.a(malloc.o)
                0x00802000                __malloc_heap_end
                0x00802002                __malloc_heap_start
                0x00802004                __malloc_margin
 *(.data*)
 .data.options.5760
                0x00802006        0x7 src/Drivers/uart_tools.o
 *(.gnu.linkonce.d*)
 *(.rodata)
 *(.rodata*)
 .rodata.str1.1
                0x0080200d       0xe8 src/main.o
 *(.gnu.linkonce.r*)
                0x008020f6                . = ALIGN (0x2)
 *fill*         0x008020f5        0x1 
                0x008020f6                _edata = .
                0x008020f6                PROVIDE (__data_end, .)

.bss            0x008020f6      0x21b
                0x008020f6                PROVIDE (__bss_start, .)
 *(.bss)
 *(.bss*)
 *(COMMON)
 COMMON         0x008020f6        0x2 src/ASF/common/utils/stdio/read.o
                0x008020f6                ptr_get
 COMMON         0x008020f8        0x2 src/ASF/xmega/drivers/adc/adc.o
                0x008020f8                adca_callback
 COMMON         0x008020fa        0x4 src/ASF/common/utils/stdio/write.o
                0x008020fa                ptr_put
                0x008020fc                stdio_base
 COMMON         0x008020fe      0x209 src/main.o
                0x008020fe                isr_buzzer_duty
                0x008020ff                xbee_input_buff
                0x00802107                xbee_input_backing_buffer
 COMMON         0x00802307        0x6 c:/program files (x86)/atmel/studio/7.0/toolchain/avr8/avr8-gnu-toolchain/bin/../lib/gcc/avr/5.4.0/../../../../avr/lib/avrxmega2\libc.a(iob.o)
                0x00802307                __iob
 COMMON         0x0080230d        0x4 c:/program files (x86)/atmel/studio/7.0/toolchain/avr8/avr8-gnu-toolchain/bin/../lib/gcc/avr/5.4.0/../../../../avr/lib/avrxmega2\libc.a(malloc.o)
                0x0080230d                __brkval
                0x0080230f                __flp
                0x00802311                PROVIDE (__bss_end, .)
                0x000021e0                __data_load_start = LOADADDR (.data)
                0x000022d6                __data_load_end = (__data_load_start + SIZEOF (.data))

.noinit         0x00802311        0x0
                [!provide]                PROVIDE (__noinit_start, .)
 *(.noinit*)
                [!provide]                PROVIDE (__noinit_end, .)
                0x00802311                _end = .
                0x00802311                PROVIDE (__heap_start, .)

.eeprom         0x00810000        0x0
 *(.eeprom*)
                0x00810000                __eeprom_end = .

.fuse
 *(.fuse)
 *(.lfuse)
 *(.hfuse)
 *(.efuse)

.lock
 *(.lock*)

.signature
 *(.signature*)

.user_signatures
 *(.user_signatures*)

.stab
 *(.stab)

.stabstr
 *(.stabstr)

.stab.excl
 *(.stab.excl)

.stab.exclstr
 *(.stab.exclstr)

.stab.index
 *(.stab.index)

.stab.indexstr
 *(.stab.indexstr)

.comment        0x00000000       0x5c
 *(.comment)
 .comment       0x00000000       0x30 src/ASF/common/utils/stdio/read.o
                                 0x31 (size before relaxing)
 .comment       0x00000030       0x31 src/ASF/xmega/drivers/adc/adc.o
 .comment       0x00000030       0x31 src/ASF/xmega/drivers/adc/xmega_aau/adc_aau.o
 .comment       0x00000030       0x31 src/ASF/xmega/drivers/usart/usart.o
 .comment       0x00000030       0x31 src/Drivers/timercounter.o
 .comment       0x00000030       0x31 src/Drivers/uart_tools.o
 .comment       0x00000030       0x31 src/Tools/RingBuffer.o
 .comment       0x00000030       0x31 src/ASF/common/utils/stdio/write.o
 .comment       0x00000030       0x31 src/ASF/common/services/ioport/xmega/ioport_compat.o
 .comment       0x00000030       0x31 src/ASF/common/services/clock/xmega/sysclk.o
 .comment       0x00000030       0x31 src/main.o
 .comment       0x00000030       0x31 c:/program files (x86)/atmel/studio/7.0/toolchain/avr8/avr8-gnu-toolchain/bin/../lib/gcc/avr/5.4.0/../../../../avr/lib/avrxmega2\libc.a(fdevopen.o)
 .comment       0x00000030       0x31 c:/program files (x86)/atmel/studio/7.0/toolchain/avr8/avr8-gnu-toolchain/bin/../lib/gcc/avr/5.4.0/../../../../avr/lib/avrxmega2\libc.a(iob.o)
 .comment       0x00000030       0x31 c:/program files (x86)/atmel/studio/7.0/toolchain/avr8/avr8-gnu-toolchain/bin/../lib/gcc/avr/5.4.0/../../../../avr/lib/avrxmega2\libc.a(printf.o)
 .comment       0x00000030       0x2c c:/program files (x86)/atmel/studio/7.0/toolchain/avr8/avr8-gnu-toolchain/bin/../lib/gcc/avr/5.4.0/../../../../avr/lib/avrxmega2\libc.a(vfprintf_std.o)
                                 0x2d (size before relaxing)
 .comment       0x0000005c       0x31 c:/program files (x86)/atmel/studio/7.0/toolchain/avr8/avr8-gnu-toolchain/bin/../lib/gcc/avr/5.4.0/../../../../avr/lib/avrxmega2\libc.a(calloc.o)
 .comment       0x0000005c       0x31 c:/program files (x86)/atmel/studio/7.0/toolchain/avr8/avr8-gnu-toolchain/bin/../lib/gcc/avr/5.4.0/../../../../avr/lib/avrxmega2\libc.a(malloc.o)
 .comment       0x0000005c       0x31 c:/program files (x86)/atmel/studio/7.0/toolchain/avr8/avr8-gnu-toolchain/bin/../lib/gcc/avr/5.4.0/../../../../avr/lib/avrxmega2\libc.a(fputc.o)

.note.gnu.avr.deviceinfo
                0x00000000       0x40
 .note.gnu.avr.deviceinfo
                0x00000000       0x40 C:/Program Files (x86)/Atmel/Studio/7.0/Packs/atmel/XMEGAA_DFP/1.1.68/gcc/dev/atxmega32a4u/avrxmega2/crtatxmega32a4u.o

.note.gnu.build-id
 *(.note.gnu.build-id)

.debug
 *(.debug)

.line
 *(.line)

.debug_srcinfo
 *(.debug_srcinfo)

.debug_sfnames
 *(.debug_sfnames)

.debug_aranges  0x00000000      0x360
 *(.debug_aranges)
 .debug_aranges
                0x00000000       0x20 src/ASF/common/utils/stdio/read.o
 .debug_aranges
                0x00000020       0x48 src/ASF/xmega/drivers/adc/adc.o
 .debug_aranges
                0x00000068       0x58 src/ASF/xmega/drivers/adc/xmega_aau/adc_aau.o
 .debug_aranges
                0x000000c0       0x58 src/ASF/xmega/drivers/usart/usart.o
 .debug_aranges
                0x00000118       0x28 src/Drivers/timercounter.o
 .debug_aranges
                0x00000140       0x30 src/Drivers/uart_tools.o
 .debug_aranges
                0x00000170       0xc0 src/Tools/RingBuffer.o
 .debug_aranges
                0x00000230       0x20 src/ASF/common/utils/stdio/write.o
 .debug_aranges
                0x00000250       0x20 src/ASF/common/services/ioport/xmega/ioport_compat.o
 .debug_aranges
                0x00000270       0x40 src/ASF/common/services/clock/xmega/sysclk.o
 .debug_aranges
                0x000002b0       0x20 src/ASF/xmega/drivers/cpu/ccp.o
 .debug_aranges
                0x000002d0       0x90 src/main.o

.debug_pubnames
 *(.debug_pubnames)

.debug_info     0x00000000     0xe744
 *(.debug_info .gnu.linkonce.wi.*)
 .debug_info    0x00000000     0x284f C:/Program Files (x86)/Atmel/Studio/7.0/Packs/atmel/XMEGAA_DFP/1.1.68/gcc/dev/atxmega32a4u/avrxmega2/crtatxmega32a4u.o
 .debug_info    0x0000284f      0x119 src/ASF/common/utils/stdio/read.o
 .debug_info    0x00002968      0xa3a src/ASF/xmega/drivers/adc/adc.o
 .debug_info    0x000033a2      0xd2a src/ASF/xmega/drivers/adc/xmega_aau/adc_aau.o
 .debug_info    0x000040cc     0x2d63 src/ASF/xmega/drivers/usart/usart.o
 .debug_info    0x00006e2f     0x1e79 src/Drivers/timercounter.o
 .debug_info    0x00008ca8     0x24ec src/Drivers/uart_tools.o
 .debug_info    0x0000b194      0xbfd src/Tools/RingBuffer.o
 .debug_info    0x0000bd91      0x119 src/ASF/common/utils/stdio/write.o
 .debug_info    0x0000beaa      0x121 src/ASF/common/services/ioport/xmega/ioport_compat.o
 .debug_info    0x0000bfcb      0x83b src/ASF/common/services/clock/xmega/sysclk.o
 .debug_info    0x0000c806       0xa6 src/ASF/xmega/drivers/cpu/ccp.o
 .debug_info    0x0000c8ac     0x1e98 src/main.o

.debug_abbrev   0x00000000     0x4105
 *(.debug_abbrev)
 .debug_abbrev  0x00000000     0x262c C:/Program Files (x86)/Atmel/Studio/7.0/Packs/atmel/XMEGAA_DFP/1.1.68/gcc/dev/atxmega32a4u/avrxmega2/crtatxmega32a4u.o
 .debug_abbrev  0x0000262c       0xc5 src/ASF/common/utils/stdio/read.o
 .debug_abbrev  0x000026f1      0x2a7 src/ASF/xmega/drivers/adc/adc.o
 .debug_abbrev  0x00002998      0x320 src/ASF/xmega/drivers/adc/xmega_aau/adc_aau.o
 .debug_abbrev  0x00002cb8      0x3f5 src/ASF/xmega/drivers/usart/usart.o
 .debug_abbrev  0x000030ad      0x24c src/Drivers/timercounter.o
 .debug_abbrev  0x000032f9      0x32c src/Drivers/uart_tools.o
 .debug_abbrev  0x00003625      0x321 src/Tools/RingBuffer.o
 .debug_abbrev  0x00003946       0xa7 src/ASF/common/utils/stdio/write.o
 .debug_abbrev  0x000039ed       0x95 src/ASF/common/services/ioport/xmega/ioport_compat.o
 .debug_abbrev  0x00003a82      0x241 src/ASF/common/services/clock/xmega/sysclk.o
 .debug_abbrev  0x00003cc3       0x14 src/ASF/xmega/drivers/cpu/ccp.o
 .debug_abbrev  0x00003cd7      0x42e src/main.o

.debug_line     0x00000000     0x63ce
 *(.debug_line .debug_line.* .debug_line_end)
 .debug_line    0x00000000      0x391 C:/Program Files (x86)/Atmel/Studio/7.0/Packs/atmel/XMEGAA_DFP/1.1.68/gcc/dev/atxmega32a4u/avrxmega2/crtatxmega32a4u.o
 .debug_line    0x00000391      0x3d2 src/ASF/common/utils/stdio/read.o
 .debug_line    0x00000763      0x786 src/ASF/xmega/drivers/adc/adc.o
 .debug_line    0x00000ee9      0x8d1 src/ASF/xmega/drivers/adc/xmega_aau/adc_aau.o
 .debug_line    0x000017ba      0xc0b src/ASF/xmega/drivers/usart/usart.o
 .debug_line    0x000023c5      0xa59 src/Drivers/timercounter.o
 .debug_line    0x00002e1e      0xb3b src/Drivers/uart_tools.o
 .debug_line    0x00003959      0xde2 src/Tools/RingBuffer.o
 .debug_line    0x0000473b      0x3d9 src/ASF/common/utils/stdio/write.o
 .debug_line    0x00004b14      0x4b2 src/ASF/common/services/ioport/xmega/ioport_compat.o
 .debug_line    0x00004fc6      0x6a7 src/ASF/common/services/clock/xmega/sysclk.o
 .debug_line    0x0000566d       0x6e src/ASF/xmega/drivers/cpu/ccp.o
 .debug_line    0x000056db      0xcf3 src/main.o

.debug_frame    0x00000000      0xb5c
 *(.debug_frame)
 .debug_frame   0x00000000       0x34 src/ASF/common/utils/stdio/read.o
 .debug_frame   0x00000034       0xbc src/ASF/xmega/drivers/adc/adc.o
 .debug_frame   0x000000f0      0x284 src/ASF/xmega/drivers/adc/xmega_aau/adc_aau.o
 .debug_frame   0x00000374      0x14c src/ASF/xmega/drivers/usart/usart.o
 .debug_frame   0x000004c0       0x70 src/Drivers/timercounter.o
 .debug_frame   0x00000530       0x7c src/Drivers/uart_tools.o
 .debug_frame   0x000005ac      0x2ac src/Tools/RingBuffer.o
 .debug_frame   0x00000858       0x24 src/ASF/common/utils/stdio/write.o
 .debug_frame   0x0000087c       0x30 src/ASF/common/services/ioport/xmega/ioport_compat.o
 .debug_frame   0x000008ac       0xa4 src/ASF/common/services/clock/xmega/sysclk.o
 .debug_frame   0x00000950      0x20c src/main.o

.debug_str      0x00000000    0x2cfe7
 *(.debug_str)
 .debug_str     0x00000000     0x1aa8 C:/Program Files (x86)/Atmel/Studio/7.0/Packs/atmel/XMEGAA_DFP/1.1.68/gcc/dev/atxmega32a4u/avrxmega2/crtatxmega32a4u.o
 .debug_str     0x00001aa8    0x25fb5 src/ASF/common/utils/stdio/read.o
                              0x265fe (size before relaxing)
 .debug_str     0x00027a5d     0x236e src/ASF/xmega/drivers/adc/adc.o
                              0x289b2 (size before relaxing)
 .debug_str     0x00029dcb      0x59c src/ASF/xmega/drivers/adc/xmega_aau/adc_aau.o
                              0x28c27 (size before relaxing)
 .debug_str     0x0002a367     0x13de src/ASF/xmega/drivers/usart/usart.o
                              0x2930b (size before relaxing)
 .debug_str     0x0002b745      0xc4b src/Drivers/timercounter.o
                              0x29fb8 (size before relaxing)
 .debug_str     0x0002c390      0x122 src/Drivers/uart_tools.o
                              0x2a45c (size before relaxing)
 .debug_str     0x0002c4b2      0x1d8 src/Tools/RingBuffer.o
                              0x29930 (size before relaxing)
 .debug_str     0x0002c68a       0x26 src/ASF/common/utils/stdio/write.o
                              0x26600 (size before relaxing)
 .debug_str     0x0002c6b0       0x4c src/ASF/common/services/ioport/xmega/ioport_compat.o
                              0x26c4b (size before relaxing)
 .debug_str     0x0002c6fc      0x232 src/ASF/common/services/clock/xmega/sysclk.o
                              0x27fbf (size before relaxing)
 .debug_str     0x0002c92e      0x6b9 src/main.o
                              0x2a692 (size before relaxing)

.debug_loc      0x00000000     0x3767
 *(.debug_loc)
 .debug_loc     0x00000000       0x6e src/ASF/common/utils/stdio/read.o
 .debug_loc     0x0000006e      0x25b src/ASF/xmega/drivers/adc/adc.o
 .debug_loc     0x000002c9      0x993 src/ASF/xmega/drivers/adc/xmega_aau/adc_aau.o
 .debug_loc     0x00000c5c      0xdfa src/ASF/xmega/drivers/usart/usart.o
 .debug_loc     0x00001a56      0x264 src/Drivers/timercounter.o
 .debug_loc     0x00001cba      0x361 src/Drivers/uart_tools.o
 .debug_loc     0x0000201b      0xaf9 src/Tools/RingBuffer.o
 .debug_loc     0x00002b14       0x52 src/ASF/common/utils/stdio/write.o
 .debug_loc     0x00002b66       0x66 src/ASF/common/services/ioport/xmega/ioport_compat.o
 .debug_loc     0x00002bcc      0x301 src/ASF/common/services/clock/xmega/sysclk.o
 .debug_loc     0x00002ecd      0x89a src/main.o

.debug_macinfo
 *(.debug_macinfo)

.debug_weaknames
 *(.debug_weaknames)

.debug_funcnames
 *(.debug_funcnames)

.debug_typenames
 *(.debug_typenames)

.debug_varnames
 *(.debug_varnames)

.debug_pubtypes
 *(.debug_pubtypes)

.debug_ranges   0x00000000      0x320
 *(.debug_ranges)
 .debug_ranges  0x00000000       0x10 src/ASF/common/utils/stdio/read.o
 .debug_ranges  0x00000010       0x38 src/ASF/xmega/drivers/adc/adc.o
 .debug_ranges  0x00000048       0x48 src/ASF/xmega/drivers/adc/xmega_aau/adc_aau.o
 .debug_ranges  0x00000090       0x80 src/ASF/xmega/drivers/usart/usart.o
 .debug_ranges  0x00000110       0x18 src/Drivers/timercounter.o
 .debug_ranges  0x00000128       0x78 src/Drivers/uart_tools.o
 .debug_ranges  0x000001a0       0xb0 src/Tools/RingBuffer.o
 .debug_ranges  0x00000250       0x10 src/ASF/common/utils/stdio/write.o
 .debug_ranges  0x00000260       0x10 src/ASF/common/services/ioport/xmega/ioport_compat.o
 .debug_ranges  0x00000270       0x30 src/ASF/common/services/clock/xmega/sysclk.o
 .debug_ranges  0x000002a0       0x80 src/main.o

.debug_macro    0x00000000     0x2885
 *(.debug_macro)
 .debug_macro   0x00000000      0x16d src/ASF/common/utils/stdio/read.o
 .debug_macro   0x0000016d      0x239 src/ASF/xmega/drivers/adc/adc.o
 .debug_macro   0x000003a6       0x10 src/ASF/xmega/drivers/adc/adc.o
 .debug_macro   0x000003b6       0x20 src/ASF/xmega/drivers/adc/adc.o
 .debug_macro   0x000003d6       0x22 src/ASF/xmega/drivers/adc/adc.o
 .debug_macro   0x000003f8      0x2c3 src/ASF/xmega/drivers/adc/adc.o
 .debug_macro   0x000006bb       0x76 src/ASF/xmega/drivers/adc/adc.o
 .debug_macro   0x00000731       0x64 src/ASF/xmega/drivers/adc/adc.o
 .debug_macro   0x00000795       0x2f src/ASF/xmega/drivers/adc/adc.o
 .debug_macro   0x000007c4      0x154 src/ASF/xmega/drivers/adc/adc.o
 .debug_macro   0x00000918       0xe3 src/ASF/xmega/drivers/adc/adc.o
 .debug_macro   0x000009fb      0x239 src/ASF/xmega/drivers/adc/xmega_aau/adc_aau.o
 .debug_macro   0x00000c34      0x22b src/ASF/xmega/drivers/usart/usart.o
 .debug_macro   0x00000e5f      0x302 src/ASF/xmega/drivers/usart/usart.o
 .debug_macro   0x00001161       0x34 src/ASF/xmega/drivers/usart/usart.o
 .debug_macro   0x00001195       0x7c src/ASF/xmega/drivers/usart/usart.o
 .debug_macro   0x00001211      0x102 src/ASF/xmega/drivers/usart/usart.o
 .debug_macro   0x00001313      0x331 src/Drivers/timercounter.o
 .debug_macro   0x00001644       0x34 src/Drivers/timercounter.o
 .debug_macro   0x00001678       0x28 src/Drivers/timercounter.o
 .debug_macro   0x000016a0       0x22 src/Drivers/timercounter.o
 .debug_macro   0x000016c2       0x40 src/Drivers/timercounter.o
 .debug_macro   0x00001702       0x58 src/Drivers/timercounter.o
 .debug_macro   0x0000175a       0x10 src/Drivers/timercounter.o
 .debug_macro   0x0000176a       0xf2 src/Drivers/timercounter.o
 .debug_macro   0x0000185c       0x3a src/Drivers/timercounter.o
 .debug_macro   0x00001896       0x22 src/Drivers/timercounter.o
 .debug_macro   0x000018b8      0x329 src/Drivers/uart_tools.o
 .debug_macro   0x00001be1      0x320 src/Tools/RingBuffer.o
 .debug_macro   0x00001f01       0xaa src/Tools/RingBuffer.o
 .debug_macro   0x00001fab      0x16d src/ASF/common/utils/stdio/write.o
 .debug_macro   0x00002118      0x193 src/ASF/common/services/ioport/xmega/ioport_compat.o
 .debug_macro   0x000022ab      0x1e5 src/ASF/common/services/clock/xmega/sysclk.o
 .debug_macro   0x00002490       0x26 src/ASF/common/services/clock/xmega/sysclk.o
 .debug_macro   0x000024b6      0x3cf src/main.o
OUTPUT(deploymentsoftware.elf elf32-avr)
LOAD linker stubs
